------------------------------------------------------------
TimeQuest Timing Analyzer Summary
------------------------------------------------------------

Type  : Slow 1100mV 85C Model Setup 'clk'
Slack : 0.264
TNS   : 0.000

Type  : Slow 1100mV 85C Model Hold 'clk'
Slack : 0.285
TNS   : 0.000

Type  : Slow 1100mV 85C Model Minimum Pulse Width 'clk'
Slack : 4.228
TNS   : 0.000

Type  : Slow 1100mV 0C Model Setup 'clk'
Slack : 0.151
TNS   : 0.000

Type  : Slow 1100mV 0C Model Hold 'clk'
Slack : 0.271
TNS   : 0.000

Type  : Slow 1100mV 0C Model Minimum Pulse Width 'clk'
Slack : 4.089
TNS   : 0.000

Type  : Fast 1100mV 85C Model Setup 'clk'
Slack : 5.839
TNS   : 0.000

Type  : Fast 1100mV 85C Model Hold 'clk'
Slack : 0.131
TNS   : 0.000

Type  : Fast 1100mV 85C Model Minimum Pulse Width 'clk'
Slack : 4.412
TNS   : 0.000

Type  : Fast 1100mV 0C Model Setup 'clk'
Slack : 6.168
TNS   : 0.000

Type  : Fast 1100mV 0C Model Hold 'clk'
Slack : 0.120
TNS   : 0.000

Type  : Fast 1100mV 0C Model Minimum Pulse Width 'clk'
Slack : 4.414
TNS   : 0.000

------------------------------------------------------------
